{
  "annotations": {
    "idempotentHint": true,
    "title": "Assign Copilot to issue"
  },
  "description": "Assign Copilot to a specific issue in a GitHub repository.\n\nThis tool can help with the following outcomes:\n- a Pull Request created with source code changes to resolve the issue\n\n\nMore information can be found at:\n- https://docs.github.com/en/copilot/using-github-copilot/using-copilot-coding-agent-to-work-on-tasks/about-assigning-tasks-to-copilot\n",
  "inputSchema": {
    "type": "object",
    "required": [
      "owner",
      "repo",
      "issueNumber"
    ],
    "properties": {
      "issueNumber": {
        "type": "number",
        "description": "Issue number"
      },
      "owner": {
        "type": "string",
        "description": "Repository owner"
      },
      "repo": {
        "type": "string",
        "description": "Repository name"
      }
    }
  },
  "name": "assign_copilot_to_issue"
}